                                 Started job on |	Mar 11 17:36:40
                             Started mapping on |	Mar 11 17:36:40
                                    Finished on |	Mar 11 17:36:40
       Mapping speed, Million of reads per hour |	inf

                          Number of input reads |	9176
                      Average input read length |	197
                                    UNIQUE READS:
                   Uniquely mapped reads number |	8989
                        Uniquely mapped reads % |	97.96%
                          Average mapped length |	197.53
                       Number of splices: Total |	0
            Number of splices: Annotated (sjdb) |	0
                       Number of splices: GT/AG |	0
                       Number of splices: GC/AG |	0
                       Number of splices: AT/AC |	0
               Number of splices: Non-canonical |	0
                      Mismatch rate per base, % |	0.38%
                         Deletion rate per base |	0.41%
                        Deletion average length |	1.56
                        Insertion rate per base |	0.01%
                       Insertion average length |	1.00
                             MULTI-MAPPING READS:
        Number of reads mapped to multiple loci |	61
             % of reads mapped to multiple loci |	0.66%
        Number of reads mapped to too many loci |	0
             % of reads mapped to too many loci |	0.00%
                                  UNMAPPED READS:
       % of reads unmapped: too many mismatches |	0.03%
                 % of reads unmapped: too short |	1.34%
                     % of reads unmapped: other |	0.00%
                                  CHIMERIC READS:
                       Number of chimeric reads |	0
                            % of chimeric reads |	0.00%
